Test-DateCell-1.csv:Test-DateCell-1:A1 2020/02/02 0:00:00
Test-DateCell-1.csv:Test-DateCell-1:A2 2020/03/03 0:00:00
Test-DateCell-1.csv:Test-DateCell-1:A3 2030/04/04 0:00:00