Test-DateCell-1.csv:Test-DateCell-1:A2 2020/03/03 0:00:00